I'm sorry, but errors were detected in your script. Please correct the
errors listed below, and try again.


File "game/script.rpy", line 90: expected end of line.
    pause music fadeout 1.0
                ^

File "game/script.rpy", line 93: expected statement.
    unpause music
                 ^

Ren'Py Version: Ren'Py 8.4.1.25072401
Mon Apr 27 11:29:50 2026
